// Jest Snapshot v1, https://goo.gl/fbAQLP

exports[`<BodyNavigationBar /> should match snapshot test 1`] = `
<div
  className="container-fluid navbar-fixed"
>
  <nav>
    <div
      className="nav-wrapper teal"
    >
      <Link
        className="brand-logo"
        replace={false}
        to="/"
      >
        HelloBooks
      </Link>
      <ul
        className="right hide-on-med-and-down"
      >
        <li>
          <Link
            replace={false}
            to="/register"
          >
            Sign Up
          </Link>
        </li>
        <li>
          <Link
            replace={false}
            to="/login"
          >
            Sign In
          </Link>
        </li>
      </ul>
    </div>
  </nav>
</div>
`;
