// Jest Snapshot v1, https://goo.gl/fbAQLP

exports[`<Library /> should match snapshot test 1`] = `
<div
  className="library row"
>
  <div
    className="container"
  >
    <div>
       
      <Connect(withRouter(NavigationBar)) />
       
    </div>
    <h4
      className="col s12 m10 offset-m2 white-text"
    >
       USER LIBRARY 
    </h4>
    <div>
      <p>
        Loading...
      </p>
    </div>
    <div>
       
      <Component />
    </div>
  </div>
</div>
`;
